Failed to start or connect to the Nx Daemon process.

Messages from the log:
Error: listen EADDRINUSE: address already in use \\.\pipe\nx\C:\Users\Valentin\AppData\Local\Temp\a7399597de8543c71d94\d.sock
    at Server.setupListenHandle [as _listen2] (node:net:1880:21)
    at listenInCluster (node:net:1959:12)
    at Server.listen (node:net:2078:5)
    at C:\Users\Valentin\Documents\monorepo-front\node_modules\nx\src\daemon\server\server.js:316:20
    at new Promise (<anonymous>)
    at startServer (C:\Users\Valentin\Documents\monorepo-front\node_modules\nx\src\daemon\server\server.js:314:12)
    at async C:\Users\Valentin\Documents\monorepo-front\node_modules\nx\src\daemon\server\start.js:8:9
Emitted 'error' event on Server instance at:
    at emitErrorNT (node:net:1938:8)
    at process.processTicksAndRejections (node:internal/process/task_queues:82:21) {
  code: 'EADDRINUSE',
  errno: -4091,
  syscall: 'listen',
  address: '\\\\.\\pipe\\nx\\C:\\Users\\Valentin\\AppData\\Local\\Temp\\a7399597de8543c71d94\\d.sock',
  port: -1
}

Node.js v22.5.1



More information: C:\Users\Valentin\Documents\monorepo-front\.nx\workspace-data\d\daemon.log